/*
Copyright Â© 2022 

*/
package main

import "github.com/muesli/coral/cobra/cmd/cmd"

func main() {
	cmd.Execute()
}
